GLIBC_2.0 {
  global:
    _LIB_VERSION; signgam;
    acos; acosf; acosl;
    acosh; acoshf; acoshl;
    asin; asinf; asinl;
    asinh; asinhf; asinhl;
    atan2; atan2f; atan2l;
    atan; atanf; atanl;
    atanh; atanhf; atanhl;
    cbrt; cbrtf; cbrtl;
    ceil; ceilf; ceill;
    copysign; copysignf; copysignl;
    cos; cosf; cosl;
    coshf; cosh; coshl;
    drem; dremf; dreml;
    erf; erff; erfl;
    erfc; erfcf; erfcl;
    exp; expf; expl;
    expm1; expm1f; expm1l;
    fabs; fabsf; fabsl;
    finite; finitef; finitel;
    floor; floorf; floorl;
    fmod; fmodf; fmodl;
    frexp; frexpf; frexpl;
    gamma; gammaf; gammal;
    gamma_r; gammaf_r; gammal_r;
    hypot; hypotf; hypotl;
    ilogb; ilogbf; ilogbl;
    j0; j0f; j0l;
    j1; j1f; j1l;
    jn; jnf; jnl;
    ldexp; ldexpf; ldexpl;
    lgamma; lgammaf; lgammal;
    lgamma_r; lgammaf_r; lgammal_r;
    log10; log10f; log10l;
    log1p; log1pf; log1pl;
    log; logf; logl;
    logb; logbf; logbl;
    matherr;
    modf; modff; modfl;
    nextafter; nextafterf; nextafterl;
    pow; powf; powl;
    remainder; remainderf; remainderl;
    rint; rintf; rintl;
    scalb; scalbf; scalbl;
    scalbn; scalbnf; scalbnl;
    significand; significandf; significandl;
    sin; sinf; sinl;
    sinh; sinhf; sinhl;
    sqrt; sqrtf; sqrtl;
    tan; tanf; tanl;
    tanh; tanhf; tanhl;
    y0; y0f; y0l;
    y1; y1f; y1l;
    yn; ynf; ynl;
  local:
    *;
};
GLIBC_2.1 {
  global:
    __clog10; __clog10f; __clog10l;
    __fe_dfl_env; __fe_enabled_env; __fe_nonieee_env; __fe_nomask_env;
    __finite; __finitef; __finitel;
    __fpclassify; __fpclassifyf; __fpclassifyl;
    __signbit; __signbitf; __signbitl;
    cabs; cabsf; cabsl;
    cacos; cacosf; cacosl;
    cacosh; cacoshf; cacoshl;
    carg; cargf; cargl;
    casin; casinf; casinl;
    casinh; casinhf; casinhl;
    catan; catanf; catanl;
    catanh; catanhf; catanhl;
    ccos; ccosf; ccosl;
    ccosh; ccoshf; ccoshl;
    cexp; cexpf; cexpl;
    cimag; cimagf; cimagl;
    clog10; clog10f; clog10l;
    clog; clogf; clogl;
    conj; conjf; conjl;
    cpow; cpowf; cpowl;
    cproj; cprojf; cprojl;
    creal; crealf; creall;
    csin; csinf; csinl;
    csinh; csinhf; csinhl;
    csqrt; csqrtf; csqrtl;
    ctan; ctanf; ctanl;
    ctanh; ctanhf; ctanhl;
    exp10; exp10f; exp10l;
    exp2; exp2f; exp2l;
    fdim; fdimf; fdiml;
    feclearexcept; fegetenv; fegetexceptflag;
    fegetround; feholdexcept; feraiseexcept;
    fesetenv; fesetexceptflag; fesetround;
    fetestexcept; feupdateenv;
    fma; fmaf; fmal;
    fmax; fmaxf; fmaxl;
    fmin; fminf; fminl;
    llrint; llrintf; llrintl;
    llround; llroundf; llroundl;
    log2; log2f; log2l;
    lrint; lrintf; lrintl;
    lround; lroundf; lroundl;
    nan; nanf; nanl;
    nearbyint; nearbyintf; nearbyintl;
    nexttoward; nexttowardf; nexttowardl;
    pow10; pow10f; pow10l;
    remquo; remquof; remquol;
    round; roundf; roundl;
    scalbln; scalblnf; scalblnl;
    sincos; sincosf; sincosl;
    tgamma; tgammaf; tgammal;
    trunc; truncf; truncl;
} GLIBC_2.0;
GLIBC_2.2 {
  global:
    _restgpr0_13; _restgpr0_14; _restgpr0_15; _restgpr0_16; _restgpr0_17;
    _restgpr0_18; _restgpr0_19; _restgpr0_20; _restgpr0_21; _restgpr0_22;
    _restgpr0_22; _restgpr0_23; _restgpr0_24; _restgpr0_25; _restgpr0_26;
    _restgpr0_27; _restgpr0_28; _restgpr0_29; _restgpr0_30; _restgpr0_31;
    _restgpr1_13; _restgpr1_14; _restgpr1_15; _restgpr1_16; _restgpr1_17;
    _restgpr1_18; _restgpr1_19; _restgpr1_20; _restgpr1_21; _restgpr1_22;
    _restgpr1_22; _restgpr1_23; _restgpr1_24; _restgpr1_25; _restgpr1_26;
    _restgpr1_27; _restgpr1_28; _restgpr1_29; _restgpr1_30; _restgpr1_31;
    _savegpr0_13; _savegpr0_14; _savegpr0_15; _savegpr0_16; _savegpr0_17;
    _savegpr0_18; _savegpr0_19; _savegpr0_20; _savegpr0_21; _savegpr0_22;
    _savegpr0_22; _savegpr0_23; _savegpr0_24; _savegpr0_25; _savegpr0_26;
    _savegpr0_27; _savegpr0_28; _savegpr0_29; _savegpr0_30; _savegpr0_31;
    _savegpr1_13; _savegpr1_14; _savegpr1_15; _savegpr1_16; _savegpr1_17;
    _savegpr1_18; _savegpr1_19; _savegpr1_20; _savegpr1_21; _savegpr1_22;
    _savegpr1_22; _savegpr1_23; _savegpr1_24; _savegpr1_25; _savegpr1_26;
    _savegpr1_27; _savegpr1_28; _savegpr1_29; _savegpr1_30; _savegpr1_31;
    feclearexcept; fegetenv; fegetexceptflag; feraiseexcept;
    feenableexcept; fedisableexcept; fegetexcept;
    fesetenv; fesetexceptflag; feupdateenv;
} GLIBC_2.1;
